
> roofer@0.0.1 build
> astro build

[2m12:43:21[22m [34m[content][39m Syncing content
[2m12:43:21[22m [34m[content][39m Synced content
[2m12:43:21[22m [34m[types][39m Generated [2m87ms[22m
[2m12:43:21[22m [34m[build][39m output: [34m"static"[39m
[2m12:43:21[22m [34m[build][39m mode: [34m"static"[39m
[2m12:43:21[22m [34m[build][39m directory: [34mC:\Users\nicol\OneDrive\Desktop\the websites\trades\roofer\dist\[39m
[2m12:43:21[22m [34m[build][39m Collecting build info...
[2m12:43:21[22m [34m[build][39m [32mÔ£ô Completed in 126ms.[39m
[2m12:43:21[22m [34m[build][39m Building static entrypoints...
[33m[1m12:43:22[22m [WARN] [vite][39m [33m"isRemoteAllowed", "matchHostname", "matchPathname", "matchPort" and "matchProtocol" are imported from external module "@astrojs/internal-helpers/remote" but never used in "node_modules/astro/dist/assets/utils/remotePattern.js".[39m
[33m[1m12:43:22[22m [WARN] [vite][39m [33m"TrendingUp" and "TrendingDown" are imported from external module "lucide-react" but never used in "src/components/QuoteCalculator.jsx".[39m
[2m12:43:22[22m [34m[vite][39m [32mÔ£ô built in 1.36s[39m
[2m12:43:22[22m [34m[build][39m [32mÔ£ô Completed in 1.42s.[39m

[42m[30m building client (vite) [39m[49m
[2m12:43:22[22m [34m[vite][39m transforming...
[2m12:43:26[22m [34m[vite][39m [32mÔ£ô[39m 1711 modules transformed.
[2m12:43:26[22m [34m[vite][39m rendering chunks...
[2m12:43:26[22m [34m[vite][39m computing gzip size...
[2m12:43:26[22m [34m[vite][39m [2mdist/[22m[36m_astro/phone.yYxNCFM8.js             [39m[1m[2m  0.51 kB[22m[1m[22m[2m Ôöé gzip:  0.34 kB[22m
[2m12:43:26[22m [34m[vite][39m [2mdist/[22m[36m_astro/jsx-runtime.D_zvdyIk.js       [39m[1m[2m  0.73 kB[22m[1m[22m[2m Ôöé gzip:  0.46 kB[22m
[2m12:43:26[22m [34m[vite][39m [2mdist/[22m[36m_astro/StickyCTA.B5jojXYn.js         [39m[1m[2m  0.91 kB[22m[1m[22m[2m Ôöé gzip:  0.60 kB[22m
[2m12:43:26[22m [34m[vite][39m [2mdist/[22m[36m_astro/Header.Tp-_wtX8.js            [39m[1m[2m  1.71 kB[22m[1m[22m[2m Ôöé gzip:  0.80 kB[22m
[2m12:43:26[22m [34m[vite][39m [2mdist/[22m[36m_astro/TrustBar.BJqrBE2V.js          [39m[1m[2m  1.77 kB[22m[1m[22m[2m Ôöé gzip:  0.75 kB[22m
[2m12:43:26[22m [34m[vite][39m [2mdist/[22m[36m_astro/createLucideIcon.DAnjfmdz.js  [39m[1m[2m  1.86 kB[22m[1m[22m[2m Ôöé gzip:  0.80 kB[22m
[2m12:43:26[22m [34m[vite][39m [2mdist/[22m[36m_astro/FeatureSection.C3c7IEQ7.js    [39m[1m[2m  2.16 kB[22m[1m[22m[2m Ôöé gzip:  1.00 kB[22m
[2m12:43:26[22m [34m[vite][39m [2mdist/[22m[36m_astro/FAQ.DASf_TIO.js               [39m[1m[2m  2.52 kB[22m[1m[22m[2m Ôöé gzip:  1.23 kB[22m
[2m12:43:26[22m [34m[vite][39m [2mdist/[22m[36m_astro/Testimonials.jQXBnE88.js      [39m[1m[2m  2.88 kB[22m[1m[22m[2m Ôöé gzip:  1.42 kB[22m
[2m12:43:26[22m [34m[vite][39m [2mdist/[22m[36m_astro/index.D55ewHcJ.js             [39m[1m[2m  7.85 kB[22m[1m[22m[2m Ôöé gzip:  3.05 kB[22m
[2m12:43:26[22m [34m[vite][39m [2mdist/[22m[36m_astro/QuoteCalculator.8rGtjlaN.js   [39m[1m[2m  9.48 kB[22m[1m[22m[2m Ôöé gzip:  2.72 kB[22m
[2m12:43:26[22m [34m[vite][39m [2mdist/[22m[36m_astro/client.CTDoNXH3.js            [39m[1m[2m186.62 kB[22m[1m[22m[2m Ôöé gzip: 58.54 kB[22m
[2m12:43:26[22m [34m[vite][39m [32mÔ£ô built in 3.17s[39m

[42m[30m generating static routes [39m[49m
[2m12:43:26[22m [32mÔûÂ[39m src/pages/admin/dashboard.astro
[2m12:43:26[22m   [34mÔööÔöÇ[39m [2m/admin/dashboard/index.html[22m [2m(+31ms)[22m 
[2m12:43:26[22m [32mÔûÂ[39m src/pages/admin/index.astro
[2m12:43:26[22m   [34mÔööÔöÇ[39m [2m/admin/index.html[22m [2m(+7ms)[22m 
[2m12:43:26[22m [32mÔûÂ[39m src/pages/contact.astro
[2m12:43:26[22m   [34mÔööÔöÇ[39m [2m/contact/index.html[22m [2m(+7ms)[22m 
[2m12:43:26[22m [32mÔûÂ[39m src/pages/drone.astro
[2m12:43:26[22m   [34mÔööÔöÇ[39m [2m/drone/index.html[22m [2m(+6ms)[22m 
[2m12:43:26[22m [32mÔûÂ[39m src/pages/services.astro
[2m12:43:26[22m   [34mÔööÔöÇ[39m [2m/services/index.html[22m [2m(+6ms)[22m 
node.exe : ShieldCheck 
is not defined
At line:1 char:1
+ & "C:\Program 
Files\nodejs/node.exe" "C
:\Users\nicol\AppData\Roa
ming\ ...
+ ~~~~~~~~~~~~~~~~~~~~~~~
~~~~~~~~~~~~~~~~~~~~~~~~~
~~~~~~~~~~~~~~~~~~~~~
    + CategoryInfo       
       : NotS    
pecified: (Shie    
ldCheck is not     
defined:String)     [], 
RemoteExce    ption
    + FullyQualifie    
dErrorId : Nati    
veCommandError
 
  [1mLocation:[22m
    [4mC:\Users\nicol\On
eDrive\Desktop\the websit
es\trades\roofer\node_mod
ules\astro\dist\core\buil
d\pipeline.js:221:15[24m
  [1mStack trace:[22m
[2m    at file:///C:/Use
rs/nicol/OneDrive/Desktop
/the%20websites/trades/ro
ofer/dist/pages/index.ast
ro.mjs?time=1765457006382
:11:69
    at async onImport.tra
cePromise.__proto__ (node
:internal/modules/esm/loa
der:647:26)
    at async 
generatePages (file:///C:
/Users/nicol/OneDrive/Des
ktop/the%20websites/trade
s/roofer/node_modules/ast
ro/dist/core/build/genera
te.js:98:21)
    at async 
AstroBuilder.build (file:
///C:/Users/nicol/OneDriv
e/Desktop/the%20websites/
trades/roofer/node_module
s/astro/dist/core/build/i
ndex.js:157:5)
    at async build (file:
///C:/Users/nicol/OneDriv
e/Desktop/the%20websites/
trades/roofer/node_module
s/astro/dist/core/build/i
ndex.js:45:3)[22m
